// Jest Snapshot v1, https://goo.gl/fbAQLP

exports[`snapshot PayAction Should render Payction without crashing 1`] = `
<div
  className="sc-bdVaJa imRcMU"
>
  <button>
    Combo
  </button>
  <button
    onClick={[Function]}
  >
    Thanh to√°n
  </button>
</div>
`;
